--------------------------------------------------------------------------------------
Timing Analyzer Summary
--------------------------------------------------------------------------------------

Type           : Worst-case tsu
Slack          : N/A
Required Time  : None
Actual Time    : 9.008 ns
From           : adresbus[1]
To             : RKSMEM[0]
From Clock     : --
To Clock       : bls0we
Failed Paths   : 0

Type           : Worst-case tco
Slack          : N/A
Required Time  : None
Actual Time    : 17.017 ns
From           : fifotimer:myfifotimer|scfifo:scfifo_component|scfifo_8j71:auto_generated|a_dpfifo_fp71:dpfifo|dpram_tk51:FIFOram|altsyncram_gtl1:altsyncram2|altsyncram_fne1:altsyncram3|ram_block4a0~porta_address_reg9
To             : databus[0]
From Clock     : a12mhz
To Clock       : --
Failed Paths   : 0

Type           : Worst-case tpd
Slack          : N/A
Required Time  : None
Actual Time    : 20.212 ns
From           : adresbus[2]
To             : databus[2]
From Clock     : --
To Clock       : --
Failed Paths   : 0

Type           : Worst-case th
Slack          : N/A
Required Time  : None
Actual Time    : -2.556 ns
From           : databus[7]
To             : RKSMEM[7]
From Clock     : --
To Clock       : bls0we
Failed Paths   : 0

Type           : Clock Setup: 'pllgen:mypll|altpll:altpll_component|_clk1'
Slack          : 1.561 ns
Required Time  : 192.01 MHz ( period = 5.208 ns )
Actual Time    : 274.20 MHz ( period = 3.647 ns )
From           : adrreg[0]
To             : adrreg[18]
From Clock     : pllgen:mypll|altpll:altpll_component|_clk1
To Clock       : pllgen:mypll|altpll:altpll_component|_clk1
Failed Paths   : 0

Type           : Clock Setup: 'pllgen:mypll|altpll:altpll_component|_clk0'
Slack          : 2.717 ns
Required Time  : 96.01 MHz ( period = 10.416 ns )
Actual Time    : 129.89 MHz ( period = 7.699 ns )
From           : kodclocka[13]
To             : adrregADC[8]
From Clock     : pllgen:mypll|altpll:altpll_component|_clk0
To Clock       : pllgen:mypll|altpll:altpll_component|_clk0
Failed Paths   : 0

Type           : Clock Setup: 'bls0we'
Slack          : 3.560 ns
Required Time  : 200.00 MHz ( period = 5.000 ns )
Actual Time    : Restricted to 360.10 MHz ( period = 2.777 ns )
From           : RKSMEM[2]
To             : write
From Clock     : bls0we
To Clock       : bls0we
Failed Paths   : 0

Type           : Clock Setup: 'oe'
Slack          : 4.235 ns
Required Time  : 200.00 MHz ( period = 5.000 ns )
Actual Time    : Restricted to 360.10 MHz ( period = 2.777 ns )
From           : read
To             : read
From Clock     : oe
To Clock       : oe
Failed Paths   : 0

Type           : Clock Hold: 'pllgen:mypll|altpll:altpll_component|_clk0'
Slack          : 0.499 ns
Required Time  : 96.01 MHz ( period = 10.416 ns )
Actual Time    : N/A
From           : sdvigpsw[1]
To             : sdvigpsw[1]
From Clock     : pllgen:mypll|altpll:altpll_component|_clk0
To Clock       : pllgen:mypll|altpll:altpll_component|_clk0
Failed Paths   : 0

Type           : Clock Hold: 'pllgen:mypll|altpll:altpll_component|_clk1'
Slack          : 0.499 ns
Required Time  : 192.01 MHz ( period = 5.208 ns )
Actual Time    : N/A
From           : resadd
To             : resadd
From Clock     : pllgen:mypll|altpll:altpll_component|_clk1
To Clock       : pllgen:mypll|altpll:altpll_component|_clk1
Failed Paths   : 0

Type           : Clock Hold: 'bls0we'
Slack          : 0.499 ns
Required Time  : 200.00 MHz ( period = 5.000 ns )
Actual Time    : N/A
From           : write
To             : write
From Clock     : bls0we
To Clock       : bls0we
Failed Paths   : 0

Type           : Clock Hold: 'oe'
Slack          : 0.499 ns
Required Time  : 200.00 MHz ( period = 5.000 ns )
Actual Time    : N/A
From           : read
To             : read
From Clock     : oe
To Clock       : oe
Failed Paths   : 0

Type           : Total number of failed paths
Slack          : 
Required Time  : 
Actual Time    : 
From           : 
To             : 
From Clock     : 
To Clock       : 
Failed Paths   : 0

--------------------------------------------------------------------------------------

