--------------------------------------------------------------------------------------
Timing Analyzer Summary
--------------------------------------------------------------------------------------

Type           : Worst-case tsu
Slack          : N/A
Required Time  : None
Actual Time    : 9.610 ns
From           : adresbus[3]
To             : RKS[6]
From Clock     : --
To Clock       : bls0we
Failed Paths   : 0

Type           : Worst-case tco
Slack          : N/A
Required Time  : None
Actual Time    : 17.197 ns
From           : RKSMEM[0]
To             : databus[0]
From Clock     : bls0we
To Clock       : --
Failed Paths   : 0

Type           : Worst-case tpd
Slack          : N/A
Required Time  : None
Actual Time    : 19.935 ns
From           : adresbus[1]
To             : databus[4]
From Clock     : --
To Clock       : --
Failed Paths   : 0

Type           : Worst-case th
Slack          : N/A
Required Time  : None
Actual Time    : -1.909 ns
From           : databus[7]
To             : RKSMEM[7]
From Clock     : --
To Clock       : bls0we
Failed Paths   : 0

Type           : Clock Setup: 'pllgen:mypll|altpll:altpll_component|_clk1'
Slack          : 1.555 ns
Required Time  : 192.01 MHz ( period = 5.208 ns )
Actual Time    : 273.75 MHz ( period = 3.653 ns )
From           : adrreg[0]
To             : adrreg[18]
From Clock     : pllgen:mypll|altpll:altpll_component|_clk1
To Clock       : pllgen:mypll|altpll:altpll_component|_clk1
Failed Paths   : 0

Type           : Clock Setup: 'pllgen:mypll|altpll:altpll_component|_clk0'
Slack          : 3.145 ns
Required Time  : 96.01 MHz ( period = 10.416 ns )
Actual Time    : 137.53 MHz ( period = 7.271 ns )
From           : linecount[1]
To             : adrregADC[18]
From Clock     : pllgen:mypll|altpll:altpll_component|_clk0
To Clock       : pllgen:mypll|altpll:altpll_component|_clk0
Failed Paths   : 0

Type           : Clock Setup: 'bls0we'
Slack          : 3.518 ns
Required Time  : 200.00 MHz ( period = 5.000 ns )
Actual Time    : Restricted to 360.10 MHz ( period = 2.777 ns )
From           : RKSMEM[2]
To             : write
From Clock     : bls0we
To Clock       : bls0we
Failed Paths   : 0

Type           : Clock Setup: 'oe'
Slack          : 4.235 ns
Required Time  : 200.00 MHz ( period = 5.000 ns )
Actual Time    : Restricted to 360.10 MHz ( period = 2.777 ns )
From           : read
To             : read
From Clock     : oe
To Clock       : oe
Failed Paths   : 0

Type           : Clock Hold: 'pllgen:mypll|altpll:altpll_component|_clk0'
Slack          : 0.499 ns
Required Time  : 96.01 MHz ( period = 10.416 ns )
Actual Time    : N/A
From           : sdvigpsw[1]
To             : sdvigpsw[1]
From Clock     : pllgen:mypll|altpll:altpll_component|_clk0
To Clock       : pllgen:mypll|altpll:altpll_component|_clk0
Failed Paths   : 0

Type           : Clock Hold: 'pllgen:mypll|altpll:altpll_component|_clk1'
Slack          : 0.499 ns
Required Time  : 192.01 MHz ( period = 5.208 ns )
Actual Time    : N/A
From           : resadd
To             : resadd
From Clock     : pllgen:mypll|altpll:altpll_component|_clk1
To Clock       : pllgen:mypll|altpll:altpll_component|_clk1
Failed Paths   : 0

Type           : Clock Hold: 'bls0we'
Slack          : 0.499 ns
Required Time  : 200.00 MHz ( period = 5.000 ns )
Actual Time    : N/A
From           : write
To             : write
From Clock     : bls0we
To Clock       : bls0we
Failed Paths   : 0

Type           : Clock Hold: 'oe'
Slack          : 0.499 ns
Required Time  : 200.00 MHz ( period = 5.000 ns )
Actual Time    : N/A
From           : read
To             : read
From Clock     : oe
To Clock       : oe
Failed Paths   : 0

Type           : Total number of failed paths
Slack          : 
Required Time  : 
Actual Time    : 
From           : 
To             : 
From Clock     : 
To Clock       : 
Failed Paths   : 0

--------------------------------------------------------------------------------------

